
Memory Configuration

Name             Origin             Length             Attributes
FLASH            0x0000000008000000 0x0000000000080000 xr
SRAM             0x0000000020000000 0x0000000000020000 xrw
*default*        0x0000000000000000 0xffffffffffffffff

Linker script and memory map

LOAD object/kmain.o
LOAD object/stm32_startup.o
LOAD object/clock.o
LOAD object/usart.o
LOAD object/gpio.o
LOAD object/timer.o
LOAD object/sys.o
LOAD object/kstdio.o
LOAD object/sys_init.o

.text           0x0000000008000000     0x25d8
                0x0000000008000000                _stext = .
 *(.isr_vector)
 .isr_vector    0x0000000008000000      0x1c4 object/stm32_startup.o
                0x0000000008000000                NVIC_VECTOR
 *(.text)
 .text          0x00000000080001c4      0x8fc object/kmain.o
                0x00000000080001c4                demo_kprintf_kscanf
                0x00000000080003b0                countFlagTest
                0x00000000080004bc                timeTrackingTest
                0x00000000080005ec                sysTickUpdateTest
                0x000000000800074c                sysTickDelayTest
                0x00000000080008b4                runSysTickTests
                0x00000000080008cc                sysTickDemo
                0x00000000080008da                nvicDemo
                0x00000000080009fc                USART2_Handler
                0x0000000008000a5c                kmain
 .text          0x0000000008000ac0       0xec object/stm32_startup.o
                0x0000000008000ac0                Reset_Handler
                0x0000000008000b78                RTC_WKUP_Handler
                0x0000000008000b78                FLASH_Handler
                0x0000000008000b78                SVCall_Handler
                0x0000000008000b78                DMA2_Stream7_Handler
                0x0000000008000b78                OTG_HS_Handler
                0x0000000008000b78                DMA2_Stream3_Handler
                0x0000000008000b78                USART3_Handler
                0x0000000008000b78                PendSV_Handler
                0x0000000008000b78                NMI_Handler
                0x0000000008000b78                SAI1_Handler
                0x0000000008000b78                TIM6_DAC_Handler
                0x0000000008000b78                CAN1_RX1_Handler
                0x0000000008000b78                EXTI15_10_Handler
                0x0000000008000b78                ADC_Handler
                0x0000000008000b78                I2C1_EV_Handler
                0x0000000008000b78                TAMP_STAMP_Handler
                0x0000000008000b78                I2C3_ER_Handler
                0x0000000008000b78                WWDG_Handler
                0x0000000008000b78                EXTI4_Handler
                0x0000000008000b78                I2C3_EV_Handler
                0x0000000008000b78                DMA1_Stream1_Handler
                0x0000000008000b78                DMA2_Stream4_Handler
                0x0000000008000b78                DMA1_Stream7_Handler
                0x0000000008000b78                OTG_FS_Handler
                0x0000000008000b78                TIM1_BRK_TIM9_Handler
                0x0000000008000b78                I2C1_ER_Handler
                0x0000000008000b78                DMA1_Stream3_Handler
                0x0000000008000b78                UsageFault_Handler
                0x0000000008000b78                TIM1_UP_TIM10_Handler
                0x0000000008000b78                CAN1_RX0_Handler
                0x0000000008000b78                TIM1_CC_Handler
                0x0000000008000b78                I2C2_ER_Handler
                0x0000000008000b78                USART6_Handler
                0x0000000008000b78                TIM8_CC_Handler
                0x0000000008000b78                HDMI_CEC_Handler
                0x0000000008000b78                SAI2_Handler
                0x0000000008000b78                CAN1_SCE_Handler
                0x0000000008000b78                DMA1_Stream0_Handler
                0x0000000008000b78                OTG_HS_EP1_OUT_Handler
                0x0000000008000b78                EXTI1_Handler
                0x0000000008000b78                FMC_Handler
                0x0000000008000b78                EXTI3_Handler
                0x0000000008000b78                EXTI2_Handler
                0x0000000008000b78                UART4_Handler
                0x0000000008000b78                CAN2_RX1_Handler
                0x0000000008000b78                EXTI9_5_Handler
                0x0000000008000b78                TIM2_Handler
                0x0000000008000b78                USART1_Handler
                0x0000000008000b78                CAN2_SCE_Handler
                0x0000000008000b78                TIM3_Handler
                0x0000000008000b78                DMA2_Stream6_Handler
                0x0000000008000b78                Default_Handler
                0x0000000008000b78                DCMI_Handler
                0x0000000008000b78                TIM1_TRG_COM_TIM11_Handler
                0x0000000008000b78                RTC_Alarm_Handler
                0x0000000008000b78                TIM4_Handler
                0x0000000008000b78                TIM8_UP_TIM13_Handler
                0x0000000008000b78                CAN2_TX_Handler
                0x0000000008000b78                SPI2_Handler
                0x0000000008000b78                DMA2_Stream1_Handler
                0x0000000008000b78                DMA1_Stream2_Handler
                0x0000000008000b78                EXTI0_Handler
                0x0000000008000b78                TIM8_BRK_TIM12_Handler
                0x0000000008000b78                CAN2_RX0_Handler
                0x0000000008000b78                DMA2_Stream5_Handler
                0x0000000008000b78                DMA1_Stream6_Handler
                0x0000000008000b78                SDIO_Handler
                0x0000000008000b78                FMPI2C1_ERR_Handler
                0x0000000008000b78                SPI1_Handler
                0x0000000008000b78                I2C2_EV_Handler
                0x0000000008000b78                SPDIF_Rx_Handler
                0x0000000008000b78                DMA2_Stream2_Handler
                0x0000000008000b78                SPI3_Handler
                0x0000000008000b78                DMA2_Stream0_Handler
                0x0000000008000b78                RCC_Handler
                0x0000000008000b78                PVD_Handler
                0x0000000008000b78                UART5_Handler
                0x0000000008000b78                DMA1_Stream5_Handler
                0x0000000008000b78                TIM5_Handler
                0x0000000008000b78                QuadSPI_Handler
                0x0000000008000b78                TIM7_Handler
                0x0000000008000b78                TIM8_TRG_COM_TIM14_Handler
                0x0000000008000b78                CAN1_TX_Handler
                0x0000000008000b78                FPU_Handler
                0x0000000008000b78                FMPI2C1_Handler
                0x0000000008000b78                DMA1_Stream4_Handler
                0x0000000008000b78                DebugMonitor_Handler
                0x0000000008000b78                OTG_HS_WKUP_Handler
                0x0000000008000b78                OTG_FS_WKUP_Handler
                0x0000000008000b78                SPI4_Handler
                0x0000000008000b78                OTG_HS_EP1_IN_Handler
                0x0000000008000b7e                HardFault_Handler
                0x0000000008000b84                MemManage_Handler
                0x0000000008000b8a                BusFault_Handler
                0x0000000008000b90                update_global_tick_count
 .text          0x0000000008000bac       0xbc object/clock.o
                0x0000000008000bac                DRV_CLOCK_INIT
 .text          0x0000000008000c68      0x1ac object/usart.o
                0x0000000008000c68                DRV_USART_INIT
                0x0000000008000d24                UART_SendChar
                0x0000000008000d52                _USART_WRITE
                0x0000000008000d80                _USART_READ
                0x0000000008000de8                UART_GetChar
 .text          0x0000000008000e14       0x20 object/gpio.o
                0x0000000008000e14                DRV_GPIO_INIT
 .text          0x0000000008000e34        0xe object/timer.o
                0x0000000008000e34                DRV_TIMER_INIT
 *fill*         0x0000000008000e42        0x2 
 .text          0x0000000008000e44      0x510 object/sys.o
                0x0000000008000e44                SysTick_init
                0x0000000008000ea4                SysTick_enable
                0x0000000008000ee0                SysTick_disable
                0x0000000008000f00                SysTick_getCount
                0x0000000008000f18                SysTick_update
                0x0000000008000f5c                SysTick_getTime
                0x0000000008000fa0                SysTick_delay
                0x0000000008000fd4                SysTick_getStatus
                0x0000000008000ff8                SysTick_Handler
                0x0000000008001034                __NVIC_SetPriority
                0x0000000008001088                __NVIC_GetPriority
                0x00000000080010dc                __NVIC_EnableIRQn
                0x0000000008001128                __NVIC_DisableIRQn
                0x0000000008001178                __disable_irq
                0x0000000008001188                __set_BASEPRI
                0x00000000080011a8                __enable_irq
                0x00000000080011b8                __unset_BASEPRI
                0x00000000080011d2                __set_PRIMASK
                0x00000000080011ec                __get_PRIMASK
                0x0000000008001206                __enable_fault_irq
                0x0000000008001216                __set_FAULTMASK
                0x0000000008001230                __disable_fault_irq
                0x0000000008001240                __get_FAULTMASK
                0x000000000800125a                __clear_pending_IRQn
                0x00000000080012b4                __get_pending_IRQn
                0x0000000008001304                __NVIC_GetActive
 .text          0x0000000008001354      0xce8 object/kstdio.o
                0x0000000008001354                copyMemoryElements
                0x000000000800139a                copyString
                0x00000000080013e0                concatString
                0x0000000008001438                intToString
                0x0000000008001618                hexToString
                0x0000000008001820                power
                0x0000000008001858                floatToString
                0x0000000008001a58                handleCharacter
                0x0000000008001aa0                handleString
                0x0000000008001afe                handleInteger
                0x0000000008001bb4                handleHexadecimal
                0x0000000008001c8e                handleFloat
                0x0000000008001dee                kprintf
                0x0000000008001f50                kscanf
 .text          0x000000000800203c       0x50 object/sys_init.o
                0x000000000800203c                DRV_FPU_ACTIVE
                0x0000000008002060                __sys_init
 *(.rodata)
 .rodata        0x000000000800208c      0x524 object/kmain.o
 .rodata        0x00000000080025b0       0x26 object/kstdio.o
                0x00000000080025d8                . = ALIGN (0x4)
 *fill*         0x00000000080025d6        0x2 
                0x00000000080025d8                _etext = .
                0x00000000080025d8                _la_data = LOADADDR (.data)

.glue_7         0x00000000080025d8        0x0
 .glue_7        0x00000000080025d8        0x0 linker stubs

.glue_7t        0x00000000080025d8        0x0
 .glue_7t       0x00000000080025d8        0x0 linker stubs

.vfp11_veneer   0x00000000080025d8        0x0
 .vfp11_veneer  0x00000000080025d8        0x0 linker stubs

.v4_bx          0x00000000080025d8        0x0
 .v4_bx         0x00000000080025d8        0x0 linker stubs

.iplt           0x00000000080025d8        0x0
 .iplt          0x00000000080025d8        0x0 object/kmain.o

.rel.dyn        0x00000000080025d8        0x0
 .rel.iplt      0x00000000080025d8        0x0 object/kmain.o

.data           0x0000000020000000        0x8 load address 0x00000000080025d8
                0x0000000020000000                _sdata = .
 *(.data)
 .data          0x0000000020000000        0x0 object/kmain.o
 .data          0x0000000020000000        0x0 object/stm32_startup.o
 .data          0x0000000020000000        0x0 object/clock.o
 .data          0x0000000020000000        0x0 object/usart.o
 .data          0x0000000020000000        0x0 object/gpio.o
 .data          0x0000000020000000        0x0 object/timer.o
 .data          0x0000000020000000        0x8 object/sys.o
                0x0000000020000000                clockChoice
                0x0000000020000004                clockRateMHz
 .data          0x0000000020000008        0x0 object/kstdio.o
 .data          0x0000000020000008        0x0 object/sys_init.o
                0x0000000020000008                . = ALIGN (0x4)
                0x0000000020000008                _edata = .

.igot.plt       0x0000000020000008        0x0 load address 0x00000000080025e0
 .igot.plt      0x0000000020000008        0x0 object/kmain.o

.bss            0x0000000020000008       0x18 load address 0x00000000080025e0
                0x0000000020000008                _sbss = .
 *(.bss)
 .bss           0x0000000020000008        0x4 object/kmain.o
                0x0000000020000008                interruptCount
 .bss           0x000000002000000c       0x10 object/stm32_startup.o
                0x000000002000000c                _bss_size
                0x0000000020000010                _data_size
                0x0000000020000014                _text_size
                0x0000000020000018                g_tick_count
 .bss           0x000000002000001c        0x0 object/clock.o
 .bss           0x000000002000001c        0x0 object/usart.o
 .bss           0x000000002000001c        0x0 object/gpio.o
 .bss           0x000000002000001c        0x0 object/timer.o
 .bss           0x000000002000001c        0x4 object/sys.o
                0x000000002000001c                mscount
 .bss           0x0000000020000020        0x0 object/kstdio.o
 .bss           0x0000000020000020        0x0 object/sys_init.o
                0x0000000020000020                _ebss = .
OUTPUT(target/asst01 elf32-littlearm)
LOAD linker stubs

.comment        0x0000000000000000       0x33
 .comment       0x0000000000000000       0x33 object/kmain.o
                                         0x34 (size before relaxing)
 .comment       0x0000000000000033       0x34 object/stm32_startup.o
 .comment       0x0000000000000033       0x34 object/clock.o
 .comment       0x0000000000000033       0x34 object/usart.o
 .comment       0x0000000000000033       0x34 object/gpio.o
 .comment       0x0000000000000033       0x34 object/timer.o
 .comment       0x0000000000000033       0x34 object/sys.o
 .comment       0x0000000000000033       0x34 object/kstdio.o
 .comment       0x0000000000000033       0x34 object/sys_init.o

.ARM.attributes
                0x0000000000000000       0x34
 .ARM.attributes
                0x0000000000000000       0x34 object/kmain.o
 .ARM.attributes
                0x0000000000000034       0x34 object/stm32_startup.o
 .ARM.attributes
                0x0000000000000068       0x34 object/clock.o
 .ARM.attributes
                0x000000000000009c       0x34 object/usart.o
 .ARM.attributes
                0x00000000000000d0       0x34 object/gpio.o
 .ARM.attributes
                0x0000000000000104       0x34 object/timer.o
 .ARM.attributes
                0x0000000000000138       0x34 object/sys.o
 .ARM.attributes
                0x000000000000016c       0x34 object/kstdio.o
 .ARM.attributes
                0x00000000000001a0       0x34 object/sys_init.o
