
Memory Configuration

Name             Origin             Length             Attributes
FLASH            0x0000000008000000 0x0000000000080000 xr
SRAM             0x0000000020000000 0x0000000000020000 xrw
*default*        0x0000000000000000 0xffffffffffffffff

Linker script and memory map

LOAD object/kmain.o
LOAD object/stm32_startup.o
LOAD object/clock.o
LOAD object/usart.o
LOAD object/gpio.o
LOAD object/timer.o
LOAD object/sys.o
LOAD object/kstdio.o
LOAD object/sys_init.o

.text           0x0000000008000000     0x286c
                0x0000000008000000                _stext = .
 *(.isr_vector)
 .isr_vector    0x0000000008000000      0x1c4 object/stm32_startup.o
                0x0000000008000000                NVIC_VECTOR
 *(.text)
 .text          0x00000000080001c4      0xa54 object/kmain.o
                0x00000000080001c4                demo_kprintf_kscanf
                0x00000000080003b0                countFlagTest
                0x00000000080004bc                timeTrackingTest
                0x00000000080005ec                sysTickUpdateTest
                0x000000000800074c                sysTickDelayTest
                0x00000000080008b4                runSysTickTests
                0x00000000080008cc                sysTickDemo
                0x00000000080008da                nvicDemo
                0x0000000008000b60                kmain
                0x0000000008000bc4                USART2_Handler
 .text          0x0000000008000c18       0xec object/stm32_startup.o
                0x0000000008000c18                Reset_Handler
                0x0000000008000cd0                RTC_WKUP_Handler
                0x0000000008000cd0                FLASH_Handler
                0x0000000008000cd0                SVCall_Handler
                0x0000000008000cd0                DMA2_Stream7_Handler
                0x0000000008000cd0                OTG_HS_Handler
                0x0000000008000cd0                DMA2_Stream3_Handler
                0x0000000008000cd0                USART3_Handler
                0x0000000008000cd0                PendSV_Handler
                0x0000000008000cd0                NMI_Handler
                0x0000000008000cd0                SAI1_Handler
                0x0000000008000cd0                TIM6_DAC_Handler
                0x0000000008000cd0                CAN1_RX1_Handler
                0x0000000008000cd0                EXTI15_10_Handler
                0x0000000008000cd0                ADC_Handler
                0x0000000008000cd0                I2C1_EV_Handler
                0x0000000008000cd0                TAMP_STAMP_Handler
                0x0000000008000cd0                I2C3_ER_Handler
                0x0000000008000cd0                WWDG_Handler
                0x0000000008000cd0                EXTI4_Handler
                0x0000000008000cd0                I2C3_EV_Handler
                0x0000000008000cd0                DMA1_Stream1_Handler
                0x0000000008000cd0                DMA2_Stream4_Handler
                0x0000000008000cd0                DMA1_Stream7_Handler
                0x0000000008000cd0                OTG_FS_Handler
                0x0000000008000cd0                TIM1_BRK_TIM9_Handler
                0x0000000008000cd0                I2C1_ER_Handler
                0x0000000008000cd0                DMA1_Stream3_Handler
                0x0000000008000cd0                UsageFault_Handler
                0x0000000008000cd0                TIM1_UP_TIM10_Handler
                0x0000000008000cd0                CAN1_RX0_Handler
                0x0000000008000cd0                TIM1_CC_Handler
                0x0000000008000cd0                I2C2_ER_Handler
                0x0000000008000cd0                USART6_Handler
                0x0000000008000cd0                TIM8_CC_Handler
                0x0000000008000cd0                HDMI_CEC_Handler
                0x0000000008000cd0                SAI2_Handler
                0x0000000008000cd0                CAN1_SCE_Handler
                0x0000000008000cd0                DMA1_Stream0_Handler
                0x0000000008000cd0                OTG_HS_EP1_OUT_Handler
                0x0000000008000cd0                EXTI1_Handler
                0x0000000008000cd0                FMC_Handler
                0x0000000008000cd0                EXTI3_Handler
                0x0000000008000cd0                EXTI2_Handler
                0x0000000008000cd0                UART4_Handler
                0x0000000008000cd0                CAN2_RX1_Handler
                0x0000000008000cd0                EXTI9_5_Handler
                0x0000000008000cd0                TIM2_Handler
                0x0000000008000cd0                USART1_Handler
                0x0000000008000cd0                CAN2_SCE_Handler
                0x0000000008000cd0                TIM3_Handler
                0x0000000008000cd0                DMA2_Stream6_Handler
                0x0000000008000cd0                Default_Handler
                0x0000000008000cd0                DCMI_Handler
                0x0000000008000cd0                TIM1_TRG_COM_TIM11_Handler
                0x0000000008000cd0                RTC_Alarm_Handler
                0x0000000008000cd0                TIM4_Handler
                0x0000000008000cd0                TIM8_UP_TIM13_Handler
                0x0000000008000cd0                CAN2_TX_Handler
                0x0000000008000cd0                SPI2_Handler
                0x0000000008000cd0                DMA2_Stream1_Handler
                0x0000000008000cd0                DMA1_Stream2_Handler
                0x0000000008000cd0                EXTI0_Handler
                0x0000000008000cd0                TIM8_BRK_TIM12_Handler
                0x0000000008000cd0                CAN2_RX0_Handler
                0x0000000008000cd0                DMA2_Stream5_Handler
                0x0000000008000cd0                DMA1_Stream6_Handler
                0x0000000008000cd0                SDIO_Handler
                0x0000000008000cd0                FMPI2C1_ERR_Handler
                0x0000000008000cd0                SPI1_Handler
                0x0000000008000cd0                I2C2_EV_Handler
                0x0000000008000cd0                SPDIF_Rx_Handler
                0x0000000008000cd0                DMA2_Stream2_Handler
                0x0000000008000cd0                SPI3_Handler
                0x0000000008000cd0                DMA2_Stream0_Handler
                0x0000000008000cd0                RCC_Handler
                0x0000000008000cd0                PVD_Handler
                0x0000000008000cd0                UART5_Handler
                0x0000000008000cd0                DMA1_Stream5_Handler
                0x0000000008000cd0                TIM5_Handler
                0x0000000008000cd0                QuadSPI_Handler
                0x0000000008000cd0                TIM7_Handler
                0x0000000008000cd0                TIM8_TRG_COM_TIM14_Handler
                0x0000000008000cd0                CAN1_TX_Handler
                0x0000000008000cd0                FPU_Handler
                0x0000000008000cd0                FMPI2C1_Handler
                0x0000000008000cd0                DMA1_Stream4_Handler
                0x0000000008000cd0                DebugMonitor_Handler
                0x0000000008000cd0                OTG_HS_WKUP_Handler
                0x0000000008000cd0                OTG_FS_WKUP_Handler
                0x0000000008000cd0                SPI4_Handler
                0x0000000008000cd0                OTG_HS_EP1_IN_Handler
                0x0000000008000cd6                HardFault_Handler
                0x0000000008000cdc                MemManage_Handler
                0x0000000008000ce2                BusFault_Handler
                0x0000000008000ce8                update_global_tick_count
 .text          0x0000000008000d04       0xbc object/clock.o
                0x0000000008000d04                DRV_CLOCK_INIT
 .text          0x0000000008000dc0      0x1ac object/usart.o
                0x0000000008000dc0                DRV_USART_INIT
                0x0000000008000e7c                UART_SendChar
                0x0000000008000eaa                _USART_WRITE
                0x0000000008000ed8                _USART_READ
                0x0000000008000f40                UART_GetChar
 .text          0x0000000008000f6c       0x20 object/gpio.o
                0x0000000008000f6c                DRV_GPIO_INIT
 .text          0x0000000008000f8c        0xe object/timer.o
                0x0000000008000f8c                DRV_TIMER_INIT
 *fill*         0x0000000008000f9a        0x2 
 .text          0x0000000008000f9c      0x530 object/sys.o
                0x0000000008000f9c                SysTick_init
                0x0000000008000ffc                SysTick_enable
                0x0000000008001038                SysTick_disable
                0x0000000008001058                SysTick_getCount
                0x0000000008001070                SysTick_update
                0x00000000080010b4                SysTick_getTime
                0x00000000080010f8                SysTick_delay
                0x000000000800112c                SysTick_getStatus
                0x0000000008001150                SysTick_Handler
                0x000000000800118c                __NVIC_SetPriority
                0x00000000080011e0                __NVIC_GetPriority
                0x0000000008001234                __NVIC_EnableIRQn
                0x0000000008001280                __NVIC_DisableIRQn
                0x00000000080012d0                __disable_irq
                0x00000000080012e0                __set_BASEPRI
                0x0000000008001300                __enable_irq
                0x0000000008001310                __get_BASEPRI
                0x0000000008001330                __unset_BASEPRI
                0x000000000800134a                __set_PRIMASK
                0x0000000008001364                __get_PRIMASK
                0x000000000800137e                __enable_fault_irq
                0x000000000800138e                __set_FAULTMASK
                0x00000000080013a8                __disable_fault_irq
                0x00000000080013b8                __get_FAULTMASK
                0x00000000080013d2                __clear_pending_IRQn
                0x000000000800142c                __get_pending_IRQn
                0x000000000800147c                __NVIC_GetActive
 .text          0x00000000080014cc      0xce8 object/kstdio.o
                0x00000000080014cc                copyMemoryElements
                0x0000000008001512                copyString
                0x0000000008001558                concatString
                0x00000000080015b0                intToString
                0x0000000008001790                hexToString
                0x0000000008001998                power
                0x00000000080019d0                floatToString
                0x0000000008001bd0                handleCharacter
                0x0000000008001c18                handleString
                0x0000000008001c76                handleInteger
                0x0000000008001d2c                handleHexadecimal
                0x0000000008001e06                handleFloat
                0x0000000008001f66                kprintf
                0x00000000080020c8                kscanf
 .text          0x00000000080021b4       0x50 object/sys_init.o
                0x00000000080021b4                DRV_FPU_ACTIVE
                0x00000000080021d8                __sys_init
 *(.rodata)
 .rodata        0x0000000008002204      0x640 object/kmain.o
 .rodata        0x0000000008002844       0x26 object/kstdio.o
                0x000000000800286c                . = ALIGN (0x4)
 *fill*         0x000000000800286a        0x2 
                0x000000000800286c                _etext = .
                0x000000000800286c                _la_data = LOADADDR (.data)

.glue_7         0x000000000800286c        0x0
 .glue_7        0x000000000800286c        0x0 linker stubs

.glue_7t        0x000000000800286c        0x0
 .glue_7t       0x000000000800286c        0x0 linker stubs

.vfp11_veneer   0x000000000800286c        0x0
 .vfp11_veneer  0x000000000800286c        0x0 linker stubs

.v4_bx          0x000000000800286c        0x0
 .v4_bx         0x000000000800286c        0x0 linker stubs

.iplt           0x000000000800286c        0x0
 .iplt          0x000000000800286c        0x0 object/kmain.o

.rel.dyn        0x000000000800286c        0x0
 .rel.iplt      0x000000000800286c        0x0 object/kmain.o

.data           0x0000000020000000        0x8 load address 0x000000000800286c
                0x0000000020000000                _sdata = .
 *(.data)
 .data          0x0000000020000000        0x0 object/kmain.o
 .data          0x0000000020000000        0x0 object/stm32_startup.o
 .data          0x0000000020000000        0x0 object/clock.o
 .data          0x0000000020000000        0x0 object/usart.o
 .data          0x0000000020000000        0x0 object/gpio.o
 .data          0x0000000020000000        0x0 object/timer.o
 .data          0x0000000020000000        0x8 object/sys.o
                0x0000000020000000                clockChoice
                0x0000000020000004                clockRateMHz
 .data          0x0000000020000008        0x0 object/kstdio.o
 .data          0x0000000020000008        0x0 object/sys_init.o
                0x0000000020000008                . = ALIGN (0x4)
                0x0000000020000008                _edata = .

.igot.plt       0x0000000020000008        0x0 load address 0x0000000008002874
 .igot.plt      0x0000000020000008        0x0 object/kmain.o

.bss            0x0000000020000008       0x18 load address 0x0000000008002874
                0x0000000020000008                _sbss = .
 *(.bss)
 .bss           0x0000000020000008        0x4 object/kmain.o
                0x0000000020000008                interruptCount
 .bss           0x000000002000000c       0x10 object/stm32_startup.o
                0x000000002000000c                _bss_size
                0x0000000020000010                _data_size
                0x0000000020000014                _text_size
                0x0000000020000018                g_tick_count
 .bss           0x000000002000001c        0x0 object/clock.o
 .bss           0x000000002000001c        0x0 object/usart.o
 .bss           0x000000002000001c        0x0 object/gpio.o
 .bss           0x000000002000001c        0x0 object/timer.o
 .bss           0x000000002000001c        0x4 object/sys.o
                0x000000002000001c                mscount
 .bss           0x0000000020000020        0x0 object/kstdio.o
 .bss           0x0000000020000020        0x0 object/sys_init.o
                0x0000000020000020                _ebss = .
OUTPUT(target/asst01 elf32-littlearm)
LOAD linker stubs

.comment        0x0000000000000000       0x33
 .comment       0x0000000000000000       0x33 object/kmain.o
                                         0x34 (size before relaxing)
 .comment       0x0000000000000033       0x34 object/stm32_startup.o
 .comment       0x0000000000000033       0x34 object/clock.o
 .comment       0x0000000000000033       0x34 object/usart.o
 .comment       0x0000000000000033       0x34 object/gpio.o
 .comment       0x0000000000000033       0x34 object/timer.o
 .comment       0x0000000000000033       0x34 object/sys.o
 .comment       0x0000000000000033       0x34 object/kstdio.o
 .comment       0x0000000000000033       0x34 object/sys_init.o

.ARM.attributes
                0x0000000000000000       0x34
 .ARM.attributes
                0x0000000000000000       0x34 object/kmain.o
 .ARM.attributes
                0x0000000000000034       0x34 object/stm32_startup.o
 .ARM.attributes
                0x0000000000000068       0x34 object/clock.o
 .ARM.attributes
                0x000000000000009c       0x34 object/usart.o
 .ARM.attributes
                0x00000000000000d0       0x34 object/gpio.o
 .ARM.attributes
                0x0000000000000104       0x34 object/timer.o
 .ARM.attributes
                0x0000000000000138       0x34 object/sys.o
 .ARM.attributes
                0x000000000000016c       0x34 object/kstdio.o
 .ARM.attributes
                0x00000000000001a0       0x34 object/sys_init.o
