
Memory Configuration

Name             Origin             Length             Attributes
FLASH            0x0000000008000000 0x0000000000080000 xr
SRAM             0x0000000020000000 0x0000000000020000 xrw
*default*        0x0000000000000000 0xffffffffffffffff

Linker script and memory map

LOAD object/kmain.o
LOAD object/stm32_startup.o
LOAD object/clock.o
LOAD object/usart.o
LOAD object/gpio.o
LOAD object/timer.o
LOAD object/sys.o
LOAD object/kstdio.o
LOAD object/sys_init.o

.text           0x0000000008000000     0x2084
                0x0000000008000000                _stext = .
 *(.isr_vector)
 .isr_vector    0x0000000008000000      0x1c4 object/stm32_startup.o
                0x0000000008000000                NVIC_VECTOR
 *(.text)
 .text          0x00000000080001c4      0x7d0 object/kmain.o
                0x00000000080001c4                demo_kprintf_kscanf
                0x00000000080003b0                countFlagTest
                0x00000000080004bc                timeTrackingTest
                0x00000000080005ec                sysTickUpdateTest
                0x000000000800074c                sysTickDelayTest
                0x00000000080008b4                runSysTickTests
                0x00000000080008cc                sysTickDemo
                0x00000000080008da                kmain
 .text          0x0000000008000994       0xec object/stm32_startup.o
                0x0000000008000994                Reset_Handler
                0x0000000008000a4c                RTC_WKUP_Handler
                0x0000000008000a4c                FLASH_Handler
                0x0000000008000a4c                SVCall_Handler
                0x0000000008000a4c                DMA2_Stream7_Handler
                0x0000000008000a4c                OTG_HS_Handler
                0x0000000008000a4c                DMA2_Stream3_Handler
                0x0000000008000a4c                USART3_Handler
                0x0000000008000a4c                PendSV_Handler
                0x0000000008000a4c                NMI_Handler
                0x0000000008000a4c                SAI1_Handler
                0x0000000008000a4c                TIM6_DAC_Handler
                0x0000000008000a4c                CAN1_RX1_Handler
                0x0000000008000a4c                EXTI15_10_Handler
                0x0000000008000a4c                ADC_Handler
                0x0000000008000a4c                I2C1_EV_Handler
                0x0000000008000a4c                TAMP_STAMP_Handler
                0x0000000008000a4c                I2C3_ER_Handler
                0x0000000008000a4c                WWDG_Handler
                0x0000000008000a4c                EXTI4_Handler
                0x0000000008000a4c                I2C3_EV_Handler
                0x0000000008000a4c                DMA1_Stream1_Handler
                0x0000000008000a4c                DMA2_Stream4_Handler
                0x0000000008000a4c                DMA1_Stream7_Handler
                0x0000000008000a4c                OTG_FS_Handler
                0x0000000008000a4c                TIM1_BRK_TIM9_Handler
                0x0000000008000a4c                I2C1_ER_Handler
                0x0000000008000a4c                DMA1_Stream3_Handler
                0x0000000008000a4c                UsageFault_Handler
                0x0000000008000a4c                TIM1_UP_TIM10_Handler
                0x0000000008000a4c                CAN1_RX0_Handler
                0x0000000008000a4c                TIM1_CC_Handler
                0x0000000008000a4c                I2C2_ER_Handler
                0x0000000008000a4c                USART6_Handler
                0x0000000008000a4c                TIM8_CC_Handler
                0x0000000008000a4c                HDMI_CEC_Handler
                0x0000000008000a4c                SAI2_Handler
                0x0000000008000a4c                CAN1_SCE_Handler
                0x0000000008000a4c                DMA1_Stream0_Handler
                0x0000000008000a4c                OTG_HS_EP1_OUT_Handler
                0x0000000008000a4c                EXTI1_Handler
                0x0000000008000a4c                FMC_Handler
                0x0000000008000a4c                EXTI3_Handler
                0x0000000008000a4c                EXTI2_Handler
                0x0000000008000a4c                UART4_Handler
                0x0000000008000a4c                CAN2_RX1_Handler
                0x0000000008000a4c                EXTI9_5_Handler
                0x0000000008000a4c                TIM2_Handler
                0x0000000008000a4c                USART1_Handler
                0x0000000008000a4c                CAN2_SCE_Handler
                0x0000000008000a4c                TIM3_Handler
                0x0000000008000a4c                DMA2_Stream6_Handler
                0x0000000008000a4c                Default_Handler
                0x0000000008000a4c                DCMI_Handler
                0x0000000008000a4c                TIM1_TRG_COM_TIM11_Handler
                0x0000000008000a4c                RTC_Alarm_Handler
                0x0000000008000a4c                TIM4_Handler
                0x0000000008000a4c                TIM8_UP_TIM13_Handler
                0x0000000008000a4c                CAN2_TX_Handler
                0x0000000008000a4c                SPI2_Handler
                0x0000000008000a4c                DMA2_Stream1_Handler
                0x0000000008000a4c                DMA1_Stream2_Handler
                0x0000000008000a4c                EXTI0_Handler
                0x0000000008000a4c                TIM8_BRK_TIM12_Handler
                0x0000000008000a4c                CAN2_RX0_Handler
                0x0000000008000a4c                DMA2_Stream5_Handler
                0x0000000008000a4c                DMA1_Stream6_Handler
                0x0000000008000a4c                SDIO_Handler
                0x0000000008000a4c                FMPI2C1_ERR_Handler
                0x0000000008000a4c                USART2_Handler
                0x0000000008000a4c                SPI1_Handler
                0x0000000008000a4c                I2C2_EV_Handler
                0x0000000008000a4c                SPDIF_Rx_Handler
                0x0000000008000a4c                DMA2_Stream2_Handler
                0x0000000008000a4c                SPI3_Handler
                0x0000000008000a4c                DMA2_Stream0_Handler
                0x0000000008000a4c                RCC_Handler
                0x0000000008000a4c                PVD_Handler
                0x0000000008000a4c                UART5_Handler
                0x0000000008000a4c                DMA1_Stream5_Handler
                0x0000000008000a4c                TIM5_Handler
                0x0000000008000a4c                QuadSPI_Handler
                0x0000000008000a4c                TIM7_Handler
                0x0000000008000a4c                TIM8_TRG_COM_TIM14_Handler
                0x0000000008000a4c                CAN1_TX_Handler
                0x0000000008000a4c                FPU_Handler
                0x0000000008000a4c                FMPI2C1_Handler
                0x0000000008000a4c                DMA1_Stream4_Handler
                0x0000000008000a4c                DebugMonitor_Handler
                0x0000000008000a4c                OTG_HS_WKUP_Handler
                0x0000000008000a4c                OTG_FS_WKUP_Handler
                0x0000000008000a4c                SPI4_Handler
                0x0000000008000a4c                OTG_HS_EP1_IN_Handler
                0x0000000008000a52                HardFault_Handler
                0x0000000008000a58                MemManage_Handler
                0x0000000008000a5e                BusFault_Handler
                0x0000000008000a64                update_global_tick_count
 .text          0x0000000008000a80       0xbc object/clock.o
                0x0000000008000a80                DRV_CLOCK_INIT
 .text          0x0000000008000b3c      0x1ac object/usart.o
                0x0000000008000b3c                DRV_USART_INIT
                0x0000000008000bf8                UART_SendChar
                0x0000000008000c26                _USART_WRITE
                0x0000000008000c54                _USART_READ
                0x0000000008000cbc                UART_GetChar
 .text          0x0000000008000ce8       0x20 object/gpio.o
                0x0000000008000ce8                DRV_GPIO_INIT
 .text          0x0000000008000d08        0xe object/timer.o
                0x0000000008000d08                DRV_TIMER_INIT
 *fill*         0x0000000008000d16        0x2 
 .text          0x0000000008000d18      0x1f0 object/sys.o
                0x0000000008000d18                SysTick_init
                0x0000000008000d78                SysTick_enable
                0x0000000008000db4                SysTick_disable
                0x0000000008000dd4                SysTick_getCount
                0x0000000008000dec                SysTick_update
                0x0000000008000e30                SysTick_getTime
                0x0000000008000e74                SysTick_delay
                0x0000000008000ea8                SysTick_getStatus
                0x0000000008000ecc                SysTick_Handler
 .text          0x0000000008000f08      0xce8 object/kstdio.o
                0x0000000008000f08                copyMemoryElements
                0x0000000008000f4e                copyString
                0x0000000008000f94                concatString
                0x0000000008000fec                intToString
                0x00000000080011cc                hexToString
                0x00000000080013d4                power
                0x000000000800140c                floatToString
                0x000000000800160c                handleCharacter
                0x0000000008001654                handleString
                0x00000000080016b2                handleInteger
                0x0000000008001768                handleHexadecimal
                0x0000000008001842                handleFloat
                0x00000000080019a2                kprintf
                0x0000000008001b04                kscanf
 .text          0x0000000008001bf0       0x50 object/sys_init.o
                0x0000000008001bf0                DRV_FPU_ACTIVE
                0x0000000008001c14                __sys_init
 *(.rodata)
 .rodata        0x0000000008001c40      0x419 object/kmain.o
 *fill*         0x0000000008002059        0x3 
 .rodata        0x000000000800205c       0x26 object/kstdio.o
                0x0000000008002084                . = ALIGN (0x4)
 *fill*         0x0000000008002082        0x2 
                0x0000000008002084                _etext = .
                0x0000000008002084                _la_data = LOADADDR (.data)

.glue_7         0x0000000008002084        0x0
 .glue_7        0x0000000008002084        0x0 linker stubs

.glue_7t        0x0000000008002084        0x0
 .glue_7t       0x0000000008002084        0x0 linker stubs

.vfp11_veneer   0x0000000008002084        0x0
 .vfp11_veneer  0x0000000008002084        0x0 linker stubs

.v4_bx          0x0000000008002084        0x0
 .v4_bx         0x0000000008002084        0x0 linker stubs

.iplt           0x0000000008002084        0x0
 .iplt          0x0000000008002084        0x0 object/kmain.o

.rel.dyn        0x0000000008002084        0x0
 .rel.iplt      0x0000000008002084        0x0 object/kmain.o

.data           0x0000000020000000        0x8 load address 0x0000000008002084
                0x0000000020000000                _sdata = .
 *(.data)
 .data          0x0000000020000000        0x0 object/kmain.o
 .data          0x0000000020000000        0x0 object/stm32_startup.o
 .data          0x0000000020000000        0x0 object/clock.o
 .data          0x0000000020000000        0x0 object/usart.o
 .data          0x0000000020000000        0x0 object/gpio.o
 .data          0x0000000020000000        0x0 object/timer.o
 .data          0x0000000020000000        0x8 object/sys.o
                0x0000000020000000                clockChoice
                0x0000000020000004                clockRateMHz
 .data          0x0000000020000008        0x0 object/kstdio.o
 .data          0x0000000020000008        0x0 object/sys_init.o
                0x0000000020000008                . = ALIGN (0x4)
                0x0000000020000008                _edata = .

.igot.plt       0x0000000020000008        0x0 load address 0x000000000800208c
 .igot.plt      0x0000000020000008        0x0 object/kmain.o

.bss            0x0000000020000008       0x14 load address 0x000000000800208c
                0x0000000020000008                _sbss = .
 *(.bss)
 .bss           0x0000000020000008        0x0 object/kmain.o
 .bss           0x0000000020000008       0x10 object/stm32_startup.o
                0x0000000020000008                _bss_size
                0x000000002000000c                _data_size
                0x0000000020000010                _text_size
                0x0000000020000014                g_tick_count
 .bss           0x0000000020000018        0x0 object/clock.o
 .bss           0x0000000020000018        0x0 object/usart.o
 .bss           0x0000000020000018        0x0 object/gpio.o
 .bss           0x0000000020000018        0x0 object/timer.o
 .bss           0x0000000020000018        0x4 object/sys.o
                0x0000000020000018                mscount
 .bss           0x000000002000001c        0x0 object/kstdio.o
 .bss           0x000000002000001c        0x0 object/sys_init.o
                0x000000002000001c                _ebss = .
OUTPUT(target/asst01 elf32-littlearm)
LOAD linker stubs

.comment        0x0000000000000000       0x33
 .comment       0x0000000000000000       0x33 object/kmain.o
                                         0x34 (size before relaxing)
 .comment       0x0000000000000033       0x34 object/stm32_startup.o
 .comment       0x0000000000000033       0x34 object/clock.o
 .comment       0x0000000000000033       0x34 object/usart.o
 .comment       0x0000000000000033       0x34 object/gpio.o
 .comment       0x0000000000000033       0x34 object/timer.o
 .comment       0x0000000000000033       0x34 object/sys.o
 .comment       0x0000000000000033       0x34 object/kstdio.o
 .comment       0x0000000000000033       0x34 object/sys_init.o

.ARM.attributes
                0x0000000000000000       0x34
 .ARM.attributes
                0x0000000000000000       0x34 object/kmain.o
 .ARM.attributes
                0x0000000000000034       0x34 object/stm32_startup.o
 .ARM.attributes
                0x0000000000000068       0x34 object/clock.o
 .ARM.attributes
                0x000000000000009c       0x34 object/usart.o
 .ARM.attributes
                0x00000000000000d0       0x34 object/gpio.o
 .ARM.attributes
                0x0000000000000104       0x34 object/timer.o
 .ARM.attributes
                0x0000000000000138       0x34 object/sys.o
 .ARM.attributes
                0x000000000000016c       0x34 object/kstdio.o
 .ARM.attributes
                0x00000000000001a0       0x34 object/sys_init.o
