
Memory Configuration

Name             Origin             Length             Attributes
FLASH            0x0000000008000000 0x0000000000080000 xr
SRAM             0x0000000020000000 0x0000000000020000 xrw
*default*        0x0000000000000000 0xffffffffffffffff

Linker script and memory map

LOAD object/kmain.o
LOAD object/stm32_startup.o
LOAD object/clock.o
LOAD object/usart.o
LOAD object/gpio.o
LOAD object/timer.o
LOAD object/sys.o
LOAD object/kstdio.o
LOAD object/sys_init.o

.text           0x0000000008000000     0x1c8c
                0x0000000008000000                _stext = .
 *(.isr_vector)
 .isr_vector    0x0000000008000000      0x1c4 object/stm32_startup.o
                0x0000000008000000                NVIC_VECTOR
 *(.text)
 .text          0x00000000080001c4      0x4f4 object/kmain.o
                0x00000000080001c4                demo_kprintf_kscanf
                0x00000000080003b0                timeTracking
                0x00000000080004e0                countFlagTest
                0x00000000080005ec                runSysTickTests
                0x00000000080005fc                kmain
 .text          0x00000000080006b8       0xec object/stm32_startup.o
                0x00000000080006b8                Reset_Handler
                0x0000000008000770                RTC_WKUP_Handler
                0x0000000008000770                FLASH_Handler
                0x0000000008000770                SVCall_Handler
                0x0000000008000770                DMA2_Stream7_Handler
                0x0000000008000770                OTG_HS_Handler
                0x0000000008000770                DMA2_Stream3_Handler
                0x0000000008000770                USART3_Handler
                0x0000000008000770                PendSV_Handler
                0x0000000008000770                NMI_Handler
                0x0000000008000770                SAI1_Handler
                0x0000000008000770                TIM6_DAC_Handler
                0x0000000008000770                CAN1_RX1_Handler
                0x0000000008000770                EXTI15_10_Handler
                0x0000000008000770                ADC_Handler
                0x0000000008000770                I2C1_EV_Handler
                0x0000000008000770                TAMP_STAMP_Handler
                0x0000000008000770                I2C3_ER_Handler
                0x0000000008000770                WWDG_Handler
                0x0000000008000770                EXTI4_Handler
                0x0000000008000770                I2C3_EV_Handler
                0x0000000008000770                DMA1_Stream1_Handler
                0x0000000008000770                DMA2_Stream4_Handler
                0x0000000008000770                DMA1_Stream7_Handler
                0x0000000008000770                OTG_FS_Handler
                0x0000000008000770                TIM1_BRK_TIM9_Handler
                0x0000000008000770                I2C1_ER_Handler
                0x0000000008000770                DMA1_Stream3_Handler
                0x0000000008000770                UsageFault_Handler
                0x0000000008000770                TIM1_UP_TIM10_Handler
                0x0000000008000770                CAN1_RX0_Handler
                0x0000000008000770                TIM1_CC_Handler
                0x0000000008000770                I2C2_ER_Handler
                0x0000000008000770                USART6_Handler
                0x0000000008000770                TIM8_CC_Handler
                0x0000000008000770                HDMI_CEC_Handler
                0x0000000008000770                SAI2_Handler
                0x0000000008000770                CAN1_SCE_Handler
                0x0000000008000770                DMA1_Stream0_Handler
                0x0000000008000770                OTG_HS_EP1_OUT_Handler
                0x0000000008000770                EXTI1_Handler
                0x0000000008000770                FMC_Handler
                0x0000000008000770                EXTI3_Handler
                0x0000000008000770                EXTI2_Handler
                0x0000000008000770                UART4_Handler
                0x0000000008000770                CAN2_RX1_Handler
                0x0000000008000770                EXTI9_5_Handler
                0x0000000008000770                TIM2_Handler
                0x0000000008000770                USART1_Handler
                0x0000000008000770                CAN2_SCE_Handler
                0x0000000008000770                TIM3_Handler
                0x0000000008000770                DMA2_Stream6_Handler
                0x0000000008000770                Default_Handler
                0x0000000008000770                DCMI_Handler
                0x0000000008000770                TIM1_TRG_COM_TIM11_Handler
                0x0000000008000770                RTC_Alarm_Handler
                0x0000000008000770                TIM4_Handler
                0x0000000008000770                TIM8_UP_TIM13_Handler
                0x0000000008000770                CAN2_TX_Handler
                0x0000000008000770                SPI2_Handler
                0x0000000008000770                DMA2_Stream1_Handler
                0x0000000008000770                DMA1_Stream2_Handler
                0x0000000008000770                EXTI0_Handler
                0x0000000008000770                TIM8_BRK_TIM12_Handler
                0x0000000008000770                CAN2_RX0_Handler
                0x0000000008000770                DMA2_Stream5_Handler
                0x0000000008000770                DMA1_Stream6_Handler
                0x0000000008000770                SDIO_Handler
                0x0000000008000770                FMPI2C1_ERR_Handler
                0x0000000008000770                USART2_Handler
                0x0000000008000770                SPI1_Handler
                0x0000000008000770                I2C2_EV_Handler
                0x0000000008000770                SPDIF_Rx_Handler
                0x0000000008000770                DMA2_Stream2_Handler
                0x0000000008000770                SPI3_Handler
                0x0000000008000770                DMA2_Stream0_Handler
                0x0000000008000770                RCC_Handler
                0x0000000008000770                PVD_Handler
                0x0000000008000770                UART5_Handler
                0x0000000008000770                DMA1_Stream5_Handler
                0x0000000008000770                TIM5_Handler
                0x0000000008000770                QuadSPI_Handler
                0x0000000008000770                TIM7_Handler
                0x0000000008000770                TIM8_TRG_COM_TIM14_Handler
                0x0000000008000770                CAN1_TX_Handler
                0x0000000008000770                FPU_Handler
                0x0000000008000770                FMPI2C1_Handler
                0x0000000008000770                DMA1_Stream4_Handler
                0x0000000008000770                DebugMonitor_Handler
                0x0000000008000770                OTG_HS_WKUP_Handler
                0x0000000008000770                OTG_FS_WKUP_Handler
                0x0000000008000770                SPI4_Handler
                0x0000000008000770                OTG_HS_EP1_IN_Handler
                0x0000000008000776                HardFault_Handler
                0x000000000800077c                MemManage_Handler
                0x0000000008000782                BusFault_Handler
                0x0000000008000788                update_global_tick_count
 .text          0x00000000080007a4       0xbc object/clock.o
                0x00000000080007a4                DRV_CLOCK_INIT
 .text          0x0000000008000860      0x1ac object/usart.o
                0x0000000008000860                DRV_USART_INIT
                0x000000000800091c                UART_SendChar
                0x000000000800094a                _USART_WRITE
                0x0000000008000978                _USART_READ
                0x00000000080009e0                UART_GetChar
 .text          0x0000000008000a0c       0x20 object/gpio.o
                0x0000000008000a0c                DRV_GPIO_INIT
 .text          0x0000000008000a2c        0xe object/timer.o
                0x0000000008000a2c                DRV_TIMER_INIT
 *fill*         0x0000000008000a3a        0x2 
 .text          0x0000000008000a3c      0x1c0 object/sys.o
                0x0000000008000a3c                SysTick_init
                0x0000000008000a9c                SysTick_enable
                0x0000000008000ad8                SysTick_disable
                0x0000000008000af8                SysTick_getCount
                0x0000000008000b10                SysTick_update
                0x0000000008000b50                SysTick_getTime
                0x0000000008000b68                SysTick_delay
                0x0000000008000b9c                SysTick_getStatus
                0x0000000008000bc0                SysTick_Handler
 .text          0x0000000008000bfc      0xce8 object/kstdio.o
                0x0000000008000bfc                copyMemoryElements
                0x0000000008000c42                copyString
                0x0000000008000c88                concatString
                0x0000000008000ce0                intToString
                0x0000000008000ec0                hexToString
                0x00000000080010c8                power
                0x0000000008001100                floatToString
                0x0000000008001300                handleCharacter
                0x0000000008001348                handleString
                0x00000000080013a6                handleInteger
                0x000000000800145c                handleHexadecimal
                0x0000000008001536                handleFloat
                0x0000000008001696                kprintf
                0x00000000080017f8                kscanf
 .text          0x00000000080018e4       0x50 object/sys_init.o
                0x00000000080018e4                DRV_FPU_ACTIVE
                0x0000000008001908                __sys_init
 *(.rodata)
 .rodata        0x0000000008001934      0x32d object/kmain.o
 *fill*         0x0000000008001c61        0x3 
 .rodata        0x0000000008001c64       0x26 object/kstdio.o
                0x0000000008001c8c                . = ALIGN (0x4)
 *fill*         0x0000000008001c8a        0x2 
                0x0000000008001c8c                _etext = .
                0x0000000008001c8c                _la_data = LOADADDR (.data)

.glue_7         0x0000000008001c8c        0x0
 .glue_7        0x0000000008001c8c        0x0 linker stubs

.glue_7t        0x0000000008001c8c        0x0
 .glue_7t       0x0000000008001c8c        0x0 linker stubs

.vfp11_veneer   0x0000000008001c8c        0x0
 .vfp11_veneer  0x0000000008001c8c        0x0 linker stubs

.v4_bx          0x0000000008001c8c        0x0
 .v4_bx         0x0000000008001c8c        0x0 linker stubs

.iplt           0x0000000008001c8c        0x0
 .iplt          0x0000000008001c8c        0x0 object/kmain.o

.rel.dyn        0x0000000008001c8c        0x0
 .rel.iplt      0x0000000008001c8c        0x0 object/kmain.o

.data           0x0000000020000000        0x8 load address 0x0000000008001c8c
                0x0000000020000000                _sdata = .
 *(.data)
 .data          0x0000000020000000        0x0 object/kmain.o
 .data          0x0000000020000000        0x0 object/stm32_startup.o
 .data          0x0000000020000000        0x0 object/clock.o
 .data          0x0000000020000000        0x0 object/usart.o
 .data          0x0000000020000000        0x0 object/gpio.o
 .data          0x0000000020000000        0x0 object/timer.o
 .data          0x0000000020000000        0x8 object/sys.o
                0x0000000020000000                clockChoice
                0x0000000020000004                clockRateMHz
 .data          0x0000000020000008        0x0 object/kstdio.o
 .data          0x0000000020000008        0x0 object/sys_init.o
                0x0000000020000008                . = ALIGN (0x4)
                0x0000000020000008                _edata = .

.igot.plt       0x0000000020000008        0x0 load address 0x0000000008001c94
 .igot.plt      0x0000000020000008        0x0 object/kmain.o

.bss            0x0000000020000008       0x14 load address 0x0000000008001c94
                0x0000000020000008                _sbss = .
 *(.bss)
 .bss           0x0000000020000008        0x0 object/kmain.o
 .bss           0x0000000020000008       0x10 object/stm32_startup.o
                0x0000000020000008                _bss_size
                0x000000002000000c                _data_size
                0x0000000020000010                _text_size
                0x0000000020000014                g_tick_count
 .bss           0x0000000020000018        0x0 object/clock.o
 .bss           0x0000000020000018        0x0 object/usart.o
 .bss           0x0000000020000018        0x0 object/gpio.o
 .bss           0x0000000020000018        0x0 object/timer.o
 .bss           0x0000000020000018        0x4 object/sys.o
                0x0000000020000018                mscount
 .bss           0x000000002000001c        0x0 object/kstdio.o
 .bss           0x000000002000001c        0x0 object/sys_init.o
                0x000000002000001c                _ebss = .
OUTPUT(target/asst01 elf32-littlearm)
LOAD linker stubs

.comment        0x0000000000000000       0x33
 .comment       0x0000000000000000       0x33 object/kmain.o
                                         0x34 (size before relaxing)
 .comment       0x0000000000000033       0x34 object/stm32_startup.o
 .comment       0x0000000000000033       0x34 object/clock.o
 .comment       0x0000000000000033       0x34 object/usart.o
 .comment       0x0000000000000033       0x34 object/gpio.o
 .comment       0x0000000000000033       0x34 object/timer.o
 .comment       0x0000000000000033       0x34 object/sys.o
 .comment       0x0000000000000033       0x34 object/kstdio.o
 .comment       0x0000000000000033       0x34 object/sys_init.o

.ARM.attributes
                0x0000000000000000       0x34
 .ARM.attributes
                0x0000000000000000       0x34 object/kmain.o
 .ARM.attributes
                0x0000000000000034       0x34 object/stm32_startup.o
 .ARM.attributes
                0x0000000000000068       0x34 object/clock.o
 .ARM.attributes
                0x000000000000009c       0x34 object/usart.o
 .ARM.attributes
                0x00000000000000d0       0x34 object/gpio.o
 .ARM.attributes
                0x0000000000000104       0x34 object/timer.o
 .ARM.attributes
                0x0000000000000138       0x34 object/sys.o
 .ARM.attributes
                0x000000000000016c       0x34 object/kstdio.o
 .ARM.attributes
                0x00000000000001a0       0x34 object/sys_init.o
