
Memory Configuration

Name             Origin             Length             Attributes
FLASH            0x0000000008000000 0x0000000000080000 xr
SRAM             0x0000000020000000 0x0000000000020000 xrw
*default*        0x0000000000000000 0xffffffffffffffff

Linker script and memory map

LOAD object/kmain.o
LOAD object/stm32_startup.o
LOAD object/clock.o
LOAD object/usart.o
LOAD object/gpio.o
LOAD object/timer.o
LOAD object/kstdio.o
LOAD object/sys_init.o

.text           0x0000000008000000     0x1708
                0x0000000008000000                _stext = .
 *(.isr_vector)
 .isr_vector    0x0000000008000000      0x1c4 object/stm32_startup.o
                0x0000000008000000                NVIC_VECTOR
 *(.text)
 .text          0x00000000080001c4      0x250 object/kmain.o
                0x00000000080001c4                demo_kprintf_kscanf
                0x00000000080003b0                kmain
 .text          0x0000000008000414      0x114 object/stm32_startup.o
                0x0000000008000414                Reset_Handler
                0x00000000080004cc                RTC_WKUP_Handler
                0x00000000080004cc                FLASH_Handler
                0x00000000080004cc                SVCall_Handler
                0x00000000080004cc                DMA2_Stream7_Handler
                0x00000000080004cc                OTG_HS_Handler
                0x00000000080004cc                DMA2_Stream3_Handler
                0x00000000080004cc                USART3_Handler
                0x00000000080004cc                PendSV_Handler
                0x00000000080004cc                NMI_Handler
                0x00000000080004cc                SAI1_Handler
                0x00000000080004cc                TIM6_DAC_Handler
                0x00000000080004cc                CAN1_RX1_Handler
                0x00000000080004cc                EXTI15_10_Handler
                0x00000000080004cc                ADC_Handler
                0x00000000080004cc                I2C1_EV_Handler
                0x00000000080004cc                TAMP_STAMP_Handler
                0x00000000080004cc                I2C3_ER_Handler
                0x00000000080004cc                WWDG_Handler
                0x00000000080004cc                EXTI4_Handler
                0x00000000080004cc                I2C3_EV_Handler
                0x00000000080004cc                DMA1_Stream1_Handler
                0x00000000080004cc                DMA2_Stream4_Handler
                0x00000000080004cc                DMA1_Stream7_Handler
                0x00000000080004cc                OTG_FS_Handler
                0x00000000080004cc                TIM1_BRK_TIM9_Handler
                0x00000000080004cc                I2C1_ER_Handler
                0x00000000080004cc                DMA1_Stream3_Handler
                0x00000000080004cc                UsageFault_Handler
                0x00000000080004cc                TIM1_UP_TIM10_Handler
                0x00000000080004cc                CAN1_RX0_Handler
                0x00000000080004cc                TIM1_CC_Handler
                0x00000000080004cc                I2C2_ER_Handler
                0x00000000080004cc                USART6_Handler
                0x00000000080004cc                TIM8_CC_Handler
                0x00000000080004cc                HDMI_CEC_Handler
                0x00000000080004cc                SAI2_Handler
                0x00000000080004cc                CAN1_SCE_Handler
                0x00000000080004cc                DMA1_Stream0_Handler
                0x00000000080004cc                OTG_HS_EP1_OUT_Handler
                0x00000000080004cc                EXTI1_Handler
                0x00000000080004cc                FMC_Handler
                0x00000000080004cc                EXTI3_Handler
                0x00000000080004cc                EXTI2_Handler
                0x00000000080004cc                UART4_Handler
                0x00000000080004cc                CAN2_RX1_Handler
                0x00000000080004cc                EXTI9_5_Handler
                0x00000000080004cc                TIM2_Handler
                0x00000000080004cc                USART1_Handler
                0x00000000080004cc                CAN2_SCE_Handler
                0x00000000080004cc                TIM3_Handler
                0x00000000080004cc                DMA2_Stream6_Handler
                0x00000000080004cc                Default_Handler
                0x00000000080004cc                DCMI_Handler
                0x00000000080004cc                TIM1_TRG_COM_TIM11_Handler
                0x00000000080004cc                RTC_Alarm_Handler
                0x00000000080004cc                TIM4_Handler
                0x00000000080004cc                TIM8_UP_TIM13_Handler
                0x00000000080004cc                CAN2_TX_Handler
                0x00000000080004cc                SPI2_Handler
                0x00000000080004cc                DMA2_Stream1_Handler
                0x00000000080004cc                DMA1_Stream2_Handler
                0x00000000080004cc                EXTI0_Handler
                0x00000000080004cc                TIM8_BRK_TIM12_Handler
                0x00000000080004cc                CAN2_RX0_Handler
                0x00000000080004cc                DMA2_Stream5_Handler
                0x00000000080004cc                DMA1_Stream6_Handler
                0x00000000080004cc                SDIO_Handler
                0x00000000080004cc                FMPI2C1_ERR_Handler
                0x00000000080004cc                USART2_Handler
                0x00000000080004cc                SPI1_Handler
                0x00000000080004cc                I2C2_EV_Handler
                0x00000000080004cc                SPDIF_Rx_Handler
                0x00000000080004cc                DMA2_Stream2_Handler
                0x00000000080004cc                SPI3_Handler
                0x00000000080004cc                DMA2_Stream0_Handler
                0x00000000080004cc                RCC_Handler
                0x00000000080004cc                PVD_Handler
                0x00000000080004cc                UART5_Handler
                0x00000000080004cc                DMA1_Stream5_Handler
                0x00000000080004cc                TIM5_Handler
                0x00000000080004cc                QuadSPI_Handler
                0x00000000080004cc                TIM7_Handler
                0x00000000080004cc                TIM8_TRG_COM_TIM14_Handler
                0x00000000080004cc                CAN1_TX_Handler
                0x00000000080004cc                FPU_Handler
                0x00000000080004cc                FMPI2C1_Handler
                0x00000000080004cc                DMA1_Stream4_Handler
                0x00000000080004cc                DebugMonitor_Handler
                0x00000000080004cc                OTG_HS_WKUP_Handler
                0x00000000080004cc                OTG_FS_WKUP_Handler
                0x00000000080004cc                SPI4_Handler
                0x00000000080004cc                OTG_HS_EP1_IN_Handler
                0x00000000080004d2                SysTick_Handler
                0x00000000080004f8                HardFault_Handler
                0x00000000080004fe                MemManage_Handler
                0x0000000008000504                BusFault_Handler
                0x000000000800050a                update_global_tick_count
 .text          0x0000000008000528       0xbc object/clock.o
                0x0000000008000528                DRV_CLOCK_INIT
 .text          0x00000000080005e4      0x1ac object/usart.o
                0x00000000080005e4                DRV_USART_INIT
                0x00000000080006a0                UART_SendChar
                0x00000000080006ce                _USART_WRITE
                0x00000000080006fc                _USART_READ
                0x0000000008000764                UART_GetChar
 .text          0x0000000008000790       0x20 object/gpio.o
                0x0000000008000790                DRV_GPIO_INIT
 .text          0x00000000080007b0        0xe object/timer.o
                0x00000000080007b0                DRV_TIMER_INIT
 *fill*         0x00000000080007be        0x2 
 .text          0x00000000080007c0      0xce8 object/kstdio.o
                0x00000000080007c0                copyMemoryElements
                0x0000000008000806                copyString
                0x000000000800084c                concatString
                0x00000000080008a4                intToString
                0x0000000008000a84                hexToString
                0x0000000008000c8c                power
                0x0000000008000cc4                floatToString
                0x0000000008000ec4                handleCharacter
                0x0000000008000f0c                handleString
                0x0000000008000f6a                handleInteger
                0x0000000008001020                handleHexadecimal
                0x00000000080010fa                handleFloat
                0x000000000800125a                kprintf
                0x00000000080013bc                kscanf
 .text          0x00000000080014a8       0x48 object/sys_init.o
                0x00000000080014a8                DRV_FPU_ACTIVE
                0x00000000080014cc                __sys_init
 *(.rodata)
 .rodata        0x00000000080014f0      0x1ed object/kmain.o
 *fill*         0x00000000080016dd        0x3 
 .rodata        0x00000000080016e0       0x26 object/kstdio.o
                0x0000000008001708                . = ALIGN (0x4)
 *fill*         0x0000000008001706        0x2 
                0x0000000008001708                _etext = .
                0x0000000008001708                _la_data = LOADADDR (.data)

.glue_7         0x0000000008001708        0x0
 .glue_7        0x0000000008001708        0x0 linker stubs

.glue_7t        0x0000000008001708        0x0
 .glue_7t       0x0000000008001708        0x0 linker stubs

.vfp11_veneer   0x0000000008001708        0x0
 .vfp11_veneer  0x0000000008001708        0x0 linker stubs

.v4_bx          0x0000000008001708        0x0
 .v4_bx         0x0000000008001708        0x0 linker stubs

.iplt           0x0000000008001708        0x0
 .iplt          0x0000000008001708        0x0 object/kmain.o

.rel.dyn        0x0000000008001708        0x0
 .rel.iplt      0x0000000008001708        0x0 object/kmain.o

.data           0x0000000020000000        0x0 load address 0x0000000008001708
                0x0000000020000000                _sdata = .
 *(.data)
 .data          0x0000000020000000        0x0 object/kmain.o
 .data          0x0000000020000000        0x0 object/stm32_startup.o
 .data          0x0000000020000000        0x0 object/clock.o
 .data          0x0000000020000000        0x0 object/usart.o
 .data          0x0000000020000000        0x0 object/gpio.o
 .data          0x0000000020000000        0x0 object/timer.o
 .data          0x0000000020000000        0x0 object/kstdio.o
 .data          0x0000000020000000        0x0 object/sys_init.o
                0x0000000020000000                . = ALIGN (0x4)
                0x0000000020000000                _edata = .

.igot.plt       0x0000000020000000        0x0 load address 0x0000000008001708
 .igot.plt      0x0000000020000000        0x0 object/kmain.o

.bss            0x0000000020000000       0x10 load address 0x0000000008001708
                0x0000000020000000                _sbss = .
 *(.bss)
 .bss           0x0000000020000000        0x0 object/kmain.o
 .bss           0x0000000020000000       0x10 object/stm32_startup.o
                0x0000000020000000                _bss_size
                0x0000000020000004                _data_size
                0x0000000020000008                _text_size
                0x000000002000000c                g_tick_count
 .bss           0x0000000020000010        0x0 object/clock.o
 .bss           0x0000000020000010        0x0 object/usart.o
 .bss           0x0000000020000010        0x0 object/gpio.o
 .bss           0x0000000020000010        0x0 object/timer.o
 .bss           0x0000000020000010        0x0 object/kstdio.o
 .bss           0x0000000020000010        0x0 object/sys_init.o
                0x0000000020000010                _ebss = .
OUTPUT(target/asst01 elf32-littlearm)
LOAD linker stubs

.comment        0x0000000000000000       0x33
 .comment       0x0000000000000000       0x33 object/kmain.o
                                         0x34 (size before relaxing)
 .comment       0x0000000000000033       0x34 object/stm32_startup.o
 .comment       0x0000000000000033       0x34 object/clock.o
 .comment       0x0000000000000033       0x34 object/usart.o
 .comment       0x0000000000000033       0x34 object/gpio.o
 .comment       0x0000000000000033       0x34 object/timer.o
 .comment       0x0000000000000033       0x34 object/kstdio.o
 .comment       0x0000000000000033       0x34 object/sys_init.o

.ARM.attributes
                0x0000000000000000       0x34
 .ARM.attributes
                0x0000000000000000       0x34 object/kmain.o
 .ARM.attributes
                0x0000000000000034       0x34 object/stm32_startup.o
 .ARM.attributes
                0x0000000000000068       0x34 object/clock.o
 .ARM.attributes
                0x000000000000009c       0x34 object/usart.o
 .ARM.attributes
                0x00000000000000d0       0x34 object/gpio.o
 .ARM.attributes
                0x0000000000000104       0x34 object/timer.o
 .ARM.attributes
                0x0000000000000138       0x34 object/kstdio.o
 .ARM.attributes
                0x000000000000016c       0x34 object/sys_init.o
